../Core/Src/main.c:112:5:prescaler	24	static
../Core/Src/main.c:121:5:main	192	static
../Core/Src/main.c:246:6:SystemClock_Config	88	static
../Core/Src/main.c:297:13:MX_ADC1_Init	24	static
../Core/Src/main.c:380:13:MX_I2C2_Init	8	static
../Core/Src/main.c:414:13:MX_RTC_Init	16	static
../Core/Src/main.c:472:13:MX_SPI2_Init	8	static
../Core/Src/main.c:510:13:MX_TIM3_Init	48	static
../Core/Src/main.c:568:13:MX_USART1_UART_Init	8	static
../Core/Src/main.c:599:13:MX_DMA_Init	16	static
../Core/Src/main.c:617:13:MX_GPIO_Init	40	static
../Core/Src/main.c:679:6:Error_Handler	4	static,ignoring_inline_asm
