../Core/Src/u8g2/clib/mui_u8g2.c:137:6:u8g2_DrawCheckbox	32	static
../Core/Src/u8g2/clib/mui_u8g2.c:147:6:u8g2_DrawValueMark	32	static
../Core/Src/u8g2/clib/mui_u8g2.c:156:13:mui_get_x	16	static
../Core/Src/u8g2/clib/mui_u8g2.c:161:13:mui_get_y	16	static
../Core/Src/u8g2/clib/mui_u8g2.c:166:9:mui_get_U8g2	16	static
../Core/Src/u8g2/clib/mui_u8g2.c:171:13:mui_u8g2_get_draw_button_pi_flags	24	static
../Core/Src/u8g2/clib/mui_u8g2.c:186:6:mui_u8g2_draw_button_utf	48	static
../Core/Src/u8g2/clib/mui_u8g2.c:225:9:mui_u8g2_btn_draw_wm_fi	32	static
../Core/Src/u8g2/clib/mui_u8g2.c:282:9:mui_u8g2_btn_draw_w2_fi	32	static
../Core/Src/u8g2/clib/mui_u8g2.c:337:9:mui_u8g2_btn_draw_w1_pi	56	static
../Core/Src/u8g2/clib/mui_u8g2.c:377:9:mui_u8g2_draw_text	24	static
../Core/Src/u8g2/clib/mui_u8g2.c:428:9:mui_u8g2_btn_jmp_wm_fi	16	static
../Core/Src/u8g2/clib/mui_u8g2.c:463:9:mui_u8g2_btn_jmp_w2_fi	16	static
../Core/Src/u8g2/clib/mui_u8g2.c:500:9:mui_u8g2_btn_exit_wm_fi	24	static
../Core/Src/u8g2/clib/mui_u8g2.c:542:9:mui_u8g2_btn_jmp_w1_pi	16	static
../Core/Src/u8g2/clib/mui_u8g2.c:556:13:mui_u8g2_u8_vmm_draw_wm_pi	56	static
../Core/Src/u8g2/clib/mui_u8g2.c:584:9:mui_u8g2_u8_min_max_wm_mse_pi	32	static
../Core/Src/u8g2/clib/mui_u8g2.c:615:9:mui_u8g2_u8_min_max_wm_mud_pi	32	static
../Core/Src/u8g2/clib/mui_u8g2.c:669:9:mui_is_valid_char	16	static
../Core/Src/u8g2/clib/mui_u8g2.c:684:9:mui_u8g2_u8_char_wm_mud_pi	40	static
../Core/Src/u8g2/clib/mui_u8g2.c:774:9:mui_u8g2_u8_opt_line_wa_mse_pi	32	static
../Core/Src/u8g2/clib/mui_u8g2.c:811:9:mui_u8g2_u8_opt_line_wa_mud_pi	32	static
../Core/Src/u8g2/clib/mui_u8g2.c:892:9:mui_u8g2_u8_chkbox_wm_pi	56	static
../Core/Src/u8g2/clib/mui_u8g2.c:947:9:mui_u8g2_u8_radio_wm_pi	56	static
../Core/Src/u8g2/clib/mui_u8g2.c:999:9:mui_u8g2_u8_opt_parent_wm_mse_pi	32	static
../Core/Src/u8g2/clib/mui_u8g2.c:1033:9:mui_u8g2_u8_opt_child_mse_common	24	static
../Core/Src/u8g2/clib/mui_u8g2.c:1100:9:mui_u8g2_u8_opt_radio_child_wm_mse_pi	56	static
../Core/Src/u8g2/clib/mui_u8g2.c:1145:9:mui_u8g2_u8_opt_radio_child_w1_mse_pi	56	static
../Core/Src/u8g2/clib/mui_u8g2.c:1191:9:mui_u8g2_u8_opt_child_wm_mse_pi	48	static
../Core/Src/u8g2/clib/mui_u8g2.c:1232:9:mui_u8g2_u16_list_line_wa_mse_pi	56	static
../Core/Src/u8g2/clib/mui_u8g2.c:1267:9:mui_u8g2_u16_list_line_wa_mud_pi	56	static
../Core/Src/u8g2/clib/mui_u8g2.c:1324:9:mui_u8g2_u16_list_parent_wm_mse_pi	48	static
../Core/Src/u8g2/clib/mui_u8g2.c:1357:16:mui_u8g2_u16_list_child_mse_common	40	static
../Core/Src/u8g2/clib/mui_u8g2.c:1426:9:mui_u8g2_u16_list_child_w1_mse_pi	80	static
../Core/Src/u8g2/clib/mui_u8g2.c:1468:9:mui_u8g2_u16_list_goto_w1_mse_pi	56	static
